[+] Containers:
 |- [+] Container: /Game/Maps/Flying_Island
 |   |- [+] ActorDescs:
 |   |   |- Guid:0243F8614F5E995AE23379AF41542859 BaseClass: NativeClass:/Script/Engine.StaticMeshActor Name:StaticMeshActor_UAID_74563C6A55E3C99102_1826582996 Label:SM_RopeBridge01_40m2 SpatiallyLoaded:1 Bounds:IsValid=true, Min=(X=-3995.311 Y=-6316.803 Z=-193.382), Max=(X=377.050 Y=-1227.602 Z=714.409) RuntimeGrid:None EditorOnly:0 RuntimeOnly:0 HLODRelevant:1 ListedInSceneOutliner:1 IsMainWorldOnly:0
 |   |   |- Guid:124301B24E33958CF293F4839F86074D BaseClass: NativeClass:/Script/Engine.StaticMeshActor Name:StaticMeshActor_UAID_74563C6A55E3229002_1233693543 Label:SM_FlatCliff01 SpatiallyLoaded:1 Bounds:IsValid=true, Min=(X=-594.100 Y=-1815.950 Z=-4061.887), Max=(X=3429.769 Y=2824.051 Z=586.167) RuntimeGrid:None EditorOnly:0 RuntimeOnly:0 HLODRelevant:1 ListedInSceneOutliner:1 IsMainWorldOnly:0
 |   |   |- Guid:27A83A1D4EFBCC572111CAB1E1D556AB BaseClass: NativeClass:/Script/Engine.WorldDataLayers Name:WorldDataLayers Label:WorldDataLayers SpatiallyLoaded:0 Bounds:Invalid RuntimeGrid:None EditorOnly:0 RuntimeOnly:0 HLODRelevant:0 ListedInSceneOutliner:1 IsMainWorldOnly:1
 |   |   |- Guid:2840B02B40F2E92A9682F2BC7AFCAD84 BaseClass: NativeClass:/Script/Engine.StaticMeshActor Name:StaticMeshActor_UAID_A4AE111137DC5EFB00_1110535423 Label:SM_SkySphere SpatiallyLoaded:0 Bounds:IsValid=true, Min=(X=-1638400.000 Y=-1638400.000 Z=-1638400.000), Max=(X=1638400.000 Y=1638400.000 Z=1638400.000) RuntimeGrid:None EditorOnly:0 RuntimeOnly:0 HLODRelevant:0 ListedInSceneOutliner:1 IsMainWorldOnly:0 FolderPath:Lighting FolderGuid:963EC3EB4002CCE9759E2EBA541A873A
 |   |   |- Guid:29344E8847DE4D8DB4126BB406B6CF53 BaseClass: NativeClass:/Script/Engine.StaticMeshActor Name:StaticMeshActor_UAID_74563C6A55E3229002_1681486550 Label:SM_StatueCat01_Item03 SpatiallyLoaded:1 Bounds:IsValid=true, Min=(X=106.203 Y=2302.321 Z=514.685), Max=(X=323.134 Y=2519.206 Z=567.685) RuntimeGrid:None EditorOnly:0 RuntimeOnly:0 HLODRelevant:1 ListedInSceneOutliner:1 IsMainWorldOnly:0
 |   |   |- Guid:354D8B774628A1684E38FA9DC47AB807 BaseClass: NativeClass:/Script/Engine.StaticMeshActor Name:StaticMeshActor_UAID_74563C6A55E3C99102_1650096992 Label:SM_RopeBridge01_40m SpatiallyLoaded:1 Bounds:IsValid=true, Min=(X=2580.463 Y=764.984 Z=-360.353), Max=(X=6004.322 Y=1215.016 Z=714.408) RuntimeGrid:None EditorOnly:0 RuntimeOnly:0 HLODRelevant:1 ListedInSceneOutliner:1 IsMainWorldOnly:0
 |   |   |- Guid:38D3274C4AC76684194E02A231AD39C6 BaseClass: NativeClass:/Script/Engine.PlayerStart Name:PlayerStart_0 Label:PlayerStart SpatiallyLoaded:0 Bounds:IsValid=true, Min=(X=166.998 Y=2373.322 Z=588.756), Max=(X=259.674 Y=2465.998 Z=772.756) RuntimeGrid:None EditorOnly:0 RuntimeOnly:0 HLODRelevant:0 ListedInSceneOutliner:1 IsMainWorldOnly:0
 |   |   |- Guid:43A937914CB5186DC622139FEA53CE4D BaseClass: NativeClass:/Script/Engine.StaticMeshActor Name:StaticMeshActor_UAID_74563C6A55E3C99102_1271934991 Label:SM_FlyingIsland04_Mirrored SpatiallyLoaded:1 Bounds:IsValid=true, Min=(X=5289.167 Y=-668.171 Z=-1820.772), Max=(X=7526.208 Y=1911.344 Z=-156.100) RuntimeGrid:None EditorOnly:0 RuntimeOnly:0 HLODRelevant:1 ListedInSceneOutliner:1 IsMainWorldOnly:0
 |   |   |- Guid:4F0AC5BA48A938933E31D2BA127C9B1B BaseClass: NativeClass:/Script/Engine.SkyAtmosphere Name:SkyAtmosphere_0 Label:SkyAtmosphere SpatiallyLoaded:0 Bounds:IsValid=true, Min=(X=0.000 Y=0.000 Z=1020.000), Max=(X=0.000 Y=0.000 Z=1020.000) RuntimeGrid:None EditorOnly:0 RuntimeOnly:0 HLODRelevant:0 ListedInSceneOutliner:1 IsMainWorldOnly:0 FolderPath:Lighting FolderGuid:963EC3EB4002CCE9759E2EBA541A873A
 |   |   |- Guid:5D124DCC456F35E681CF068DEC9918DC BaseClass: NativeClass:/Script/Engine.ExponentialHeightFog Name:ExponentialHeightFog_0 Label:ExponentialHeightFog SpatiallyLoaded:0 Bounds:IsValid=true, Min=(X=-5600.000 Y=-50.000 Z=-6850.000), Max=(X=-5600.000 Y=-50.000 Z=-6850.000) RuntimeGrid:None EditorOnly:0 RuntimeOnly:0 HLODRelevant:0 ListedInSceneOutliner:1 IsMainWorldOnly:0 FolderPath:Lighting FolderGuid:963EC3EB4002CCE9759E2EBA541A873A
 |   |   |- Guid:6315C2454E4B6CE19B6D7085ED65FB7D BaseClass: NativeClass:/Script/Engine.StaticMeshActor Name:StaticMeshActor_UAID_74563C6A55E3C99102_2026685998 Label:SM_RopeBridge01_40m3 SpatiallyLoaded:1 Bounds:IsValid=true, Min=(X=-3396.994 Y=-131.975 Z=-380.353), Max=(X=52.996 Y=905.767 Z=694.408) RuntimeGrid:None EditorOnly:0 RuntimeOnly:0 HLODRelevant:1 ListedInSceneOutliner:1 IsMainWorldOnly:0
 |   |   |- Guid:7324F42C4AEFD21C2DE08AA4F636616C BaseClass: NativeClass:/Script/Engine.DirectionalLight Name:DirectionalLight_0 Label:DirectionalLight SpatiallyLoaded:0 Bounds:Invalid RuntimeGrid:None EditorOnly:0 RuntimeOnly:0 HLODRelevant:0 ListedInSceneOutliner:1 IsMainWorldOnly:0 FolderPath:Lighting FolderGuid:963EC3EB4002CCE9759E2EBA541A873A
 |   |   |- Guid:931323B14DE19B785FF6878C1CA4C248 BaseClass: NativeClass:/Script/Engine.SkyLight Name:SkyLight_1 Label:SkyLight SpatiallyLoaded:0 Bounds:IsValid=true, Min=(X=0.000 Y=0.000 Z=690.000), Max=(X=0.000 Y=0.000 Z=690.000) RuntimeGrid:None EditorOnly:0 RuntimeOnly:0 HLODRelevant:0 ListedInSceneOutliner:1 IsMainWorldOnly:0 FolderPath:Lighting FolderGuid:963EC3EB4002CCE9759E2EBA541A873A
 |   |   |- Guid:A56C07AD408616CC140873B4A55C5A30 BaseClass: NativeClass:/Script/Engine.VolumetricCloud Name:VolumetricCloud_0 Label:VolumetricCloud SpatiallyLoaded:0 Bounds:IsValid=true, Min=(X=0.000 Y=0.000 Z=820.000), Max=(X=0.000 Y=0.000 Z=820.000) RuntimeGrid:None EditorOnly:0 RuntimeOnly:0 HLODRelevant:0 ListedInSceneOutliner:1 IsMainWorldOnly:0 FolderPath:Lighting FolderGuid:963EC3EB4002CCE9759E2EBA541A873A
 |   |   |- Guid:B2FBF2814ADCE8D272F67EB9C40797F7 BaseClass: NativeClass:/Script/Engine.StaticMeshActor Name:StaticMeshActor_UAID_74563C6A55E3C99102_1813452995 Label:SM_FlyingIsland04_Mirrored2 SpatiallyLoaded:1 Bounds:IsValid=true, Min=(X=-5925.012 Y=-8172.768 Z=-1190.772), Max=(X=-3274.028 Y=-5243.983 Z=473.900) RuntimeGrid:None EditorOnly:0 RuntimeOnly:0 HLODRelevant:1 ListedInSceneOutliner:1 IsMainWorldOnly:0
 |   |   |- Guid:C3BF533B427E1AB33CB35580B59BF767 BaseClass:/Game/Objects/BP_TeleportDoor.BP_TeleportDoor_C NativeClass:/Script/Course_ARPG.TeleportDoor Name:BP_TeleportDoor_C_UAID_74563C6A55E3309002_1406867007 Label:BP_TeleportDoor SpatiallyLoaded:1 Bounds:IsValid=true, Min=(X=-5096.472 Y=-7721.823 Z=456.562), Max=(X=-4496.472 Y=-6971.823 Z=1034.747) RuntimeGrid:None EditorOnly:0 RuntimeOnly:0 HLODRelevant:1 ListedInSceneOutliner:1 IsMainWorldOnly:0
 |   |   |- Guid:D2F087404831DC33687C6FA5B7CE8CC6 BaseClass:/Game/Objects/BP_Bonfire.BP_Bonfire_C NativeClass:/Script/Course_ARPG.Bonfire Name:BP_Bonfire_C_UAID_74563C6A55E3B57C02_1766582295 Label:BP_Bonfire SpatiallyLoaded:1 Bounds:IsValid=true, Min=(X=522.278 Y=-13.433 Z=-130.249), Max=(X=1922.278 Y=1386.567 Z=1269.751) RuntimeGrid:None EditorOnly:0 RuntimeOnly:0 HLODRelevant:0 ListedInSceneOutliner:1 IsMainWorldOnly:0
 |   |   |- Guid:E59F43F942AB1170E235079E1FD1D13E BaseClass: NativeClass:/Script/Engine.PostProcessVolume Name:PostProcessVolume_0 Label:PostProcessVolume SpatiallyLoaded:0 Bounds:IsValid=true, Min=(X=0.000 Y=0.000 Z=400.000), Max=(X=200.000 Y=200.000 Z=600.000) RuntimeGrid:None EditorOnly:0 RuntimeOnly:0 HLODRelevant:0 ListedInSceneOutliner:1 IsMainWorldOnly:0 FolderPath:Lighting FolderGuid:963EC3EB4002CCE9759E2EBA541A873A
 |   |   |- Guid:F2404110467B1681A5E9CD8657030903 BaseClass: NativeClass:/Script/Engine.StaticMeshActor Name:StaticMeshActor_UAID_74563C6A55E3C99102_1985721997 Label:SM_FlatCliff2 SpatiallyLoaded:1 Bounds:IsValid=true, Min=(X=-4463.765 Y=-1034.078 Z=-1981.295), Max=(X=-2854.217 Y=821.923 Z=-122.073) RuntimeGrid:None EditorOnly:0 RuntimeOnly:0 HLODRelevant:1 ListedInSceneOutliner:1 IsMainWorldOnly:0
 |   |   |- Guid:F37BB0B84893172DB3A4D08349165381 BaseClass:/Game/Objects/BP_TeleportDoor.BP_TeleportDoor_C NativeClass:/Script/Course_ARPG.TeleportDoor Name:BP_TeleportDoor_C_UAID_74563C6A55E3769102_1492529384 Label:BP_TeleportDoor3 SpatiallyLoaded:1 Bounds:IsValid=true, Min=(X=6063.528 Y=-331.823 Z=-183.438), Max=(X=6663.528 Y=418.177 Z=394.747) RuntimeGrid:None EditorOnly:0 RuntimeOnly:0 HLODRelevant:1 ListedInSceneOutliner:1 IsMainWorldOnly:0
 |   |   |- Guid:F5B0E4344DF977EE246A9BAF82E5BEE7 BaseClass:/Game/Objects/BP_TeleportDoor.BP_TeleportDoor_C NativeClass:/Script/Course_ARPG.TeleportDoor Name:BP_TeleportDoor_C_UAID_74563C6A55E3769102_1488807383 Label:BP_TeleportDoor2 SpatiallyLoaded:1 Bounds:IsValid=true, Min=(X=-4507.869 Y=-357.384 Z=-173.089), Max=(X=-3665.075 Y=363.737 Z=405.096) RuntimeGrid:None EditorOnly:0 RuntimeOnly:0 HLODRelevant:1 ListedInSceneOutliner:1 IsMainWorldOnly:0
 |   |- [+] Clusters:
 |   |   |- [+] [  0]
 |   |   |   |- Guid:0243F8614F5E995AE23379AF41542859 BaseClass: NativeClass:/Script/Engine.StaticMeshActor Name:StaticMeshActor_UAID_74563C6A55E3C99102_1826582996 Label:SM_RopeBridge01_40m2 SpatiallyLoaded:1 Bounds:IsValid=true, Min=(X=-3995.311 Y=-6316.803 Z=-193.382), Max=(X=377.050 Y=-1227.602 Z=714.409) RuntimeGrid:None EditorOnly:0 RuntimeOnly:0 HLODRelevant:1 ListedInSceneOutliner:1 IsMainWorldOnly:0
 |   |   |- [+] [  1]
 |   |   |   |- Guid:124301B24E33958CF293F4839F86074D BaseClass: NativeClass:/Script/Engine.StaticMeshActor Name:StaticMeshActor_UAID_74563C6A55E3229002_1233693543 Label:SM_FlatCliff01 SpatiallyLoaded:1 Bounds:IsValid=true, Min=(X=-594.100 Y=-1815.950 Z=-4061.887), Max=(X=3429.769 Y=2824.051 Z=586.167) RuntimeGrid:None EditorOnly:0 RuntimeOnly:0 HLODRelevant:1 ListedInSceneOutliner:1 IsMainWorldOnly:0
 |   |   |- [+] [  2]
 |   |   |   |- Guid:27A83A1D4EFBCC572111CAB1E1D556AB BaseClass: NativeClass:/Script/Engine.WorldDataLayers Name:WorldDataLayers Label:WorldDataLayers SpatiallyLoaded:0 Bounds:Invalid RuntimeGrid:None EditorOnly:0 RuntimeOnly:0 HLODRelevant:0 ListedInSceneOutliner:1 IsMainWorldOnly:1
 |   |   |- [+] [  3]
 |   |   |   |- Guid:2840B02B40F2E92A9682F2BC7AFCAD84 BaseClass: NativeClass:/Script/Engine.StaticMeshActor Name:StaticMeshActor_UAID_A4AE111137DC5EFB00_1110535423 Label:SM_SkySphere SpatiallyLoaded:0 Bounds:IsValid=true, Min=(X=-1638400.000 Y=-1638400.000 Z=-1638400.000), Max=(X=1638400.000 Y=1638400.000 Z=1638400.000) RuntimeGrid:None EditorOnly:0 RuntimeOnly:0 HLODRelevant:0 ListedInSceneOutliner:1 IsMainWorldOnly:0 FolderPath:Lighting FolderGuid:963EC3EB4002CCE9759E2EBA541A873A
 |   |   |- [+] [  4]
 |   |   |   |- Guid:29344E8847DE4D8DB4126BB406B6CF53 BaseClass: NativeClass:/Script/Engine.StaticMeshActor Name:StaticMeshActor_UAID_74563C6A55E3229002_1681486550 Label:SM_StatueCat01_Item03 SpatiallyLoaded:1 Bounds:IsValid=true, Min=(X=106.203 Y=2302.321 Z=514.685), Max=(X=323.134 Y=2519.206 Z=567.685) RuntimeGrid:None EditorOnly:0 RuntimeOnly:0 HLODRelevant:1 ListedInSceneOutliner:1 IsMainWorldOnly:0
 |   |   |- [+] [  5]
 |   |   |   |- Guid:354D8B774628A1684E38FA9DC47AB807 BaseClass: NativeClass:/Script/Engine.StaticMeshActor Name:StaticMeshActor_UAID_74563C6A55E3C99102_1650096992 Label:SM_RopeBridge01_40m SpatiallyLoaded:1 Bounds:IsValid=true, Min=(X=2580.463 Y=764.984 Z=-360.353), Max=(X=6004.322 Y=1215.016 Z=714.408) RuntimeGrid:None EditorOnly:0 RuntimeOnly:0 HLODRelevant:1 ListedInSceneOutliner:1 IsMainWorldOnly:0
 |   |   |- [+] [  6]
 |   |   |   |- Guid:38D3274C4AC76684194E02A231AD39C6 BaseClass: NativeClass:/Script/Engine.PlayerStart Name:PlayerStart_0 Label:PlayerStart SpatiallyLoaded:0 Bounds:IsValid=true, Min=(X=166.998 Y=2373.322 Z=588.756), Max=(X=259.674 Y=2465.998 Z=772.756) RuntimeGrid:None EditorOnly:0 RuntimeOnly:0 HLODRelevant:0 ListedInSceneOutliner:1 IsMainWorldOnly:0
 |   |   |- [+] [  7]
 |   |   |   |- Guid:43A937914CB5186DC622139FEA53CE4D BaseClass: NativeClass:/Script/Engine.StaticMeshActor Name:StaticMeshActor_UAID_74563C6A55E3C99102_1271934991 Label:SM_FlyingIsland04_Mirrored SpatiallyLoaded:1 Bounds:IsValid=true, Min=(X=5289.167 Y=-668.171 Z=-1820.772), Max=(X=7526.208 Y=1911.344 Z=-156.100) RuntimeGrid:None EditorOnly:0 RuntimeOnly:0 HLODRelevant:1 ListedInSceneOutliner:1 IsMainWorldOnly:0
 |   |   |- [+] [  8]
 |   |   |   |- Guid:4F0AC5BA48A938933E31D2BA127C9B1B BaseClass: NativeClass:/Script/Engine.SkyAtmosphere Name:SkyAtmosphere_0 Label:SkyAtmosphere SpatiallyLoaded:0 Bounds:IsValid=true, Min=(X=0.000 Y=0.000 Z=1020.000), Max=(X=0.000 Y=0.000 Z=1020.000) RuntimeGrid:None EditorOnly:0 RuntimeOnly:0 HLODRelevant:0 ListedInSceneOutliner:1 IsMainWorldOnly:0 FolderPath:Lighting FolderGuid:963EC3EB4002CCE9759E2EBA541A873A
 |   |   |- [+] [  9]
 |   |   |   |- Guid:5D124DCC456F35E681CF068DEC9918DC BaseClass: NativeClass:/Script/Engine.ExponentialHeightFog Name:ExponentialHeightFog_0 Label:ExponentialHeightFog SpatiallyLoaded:0 Bounds:IsValid=true, Min=(X=-5600.000 Y=-50.000 Z=-6850.000), Max=(X=-5600.000 Y=-50.000 Z=-6850.000) RuntimeGrid:None EditorOnly:0 RuntimeOnly:0 HLODRelevant:0 ListedInSceneOutliner:1 IsMainWorldOnly:0 FolderPath:Lighting FolderGuid:963EC3EB4002CCE9759E2EBA541A873A
 |   |   |- [+] [ 10]
 |   |   |   |- Guid:6315C2454E4B6CE19B6D7085ED65FB7D BaseClass: NativeClass:/Script/Engine.StaticMeshActor Name:StaticMeshActor_UAID_74563C6A55E3C99102_2026685998 Label:SM_RopeBridge01_40m3 SpatiallyLoaded:1 Bounds:IsValid=true, Min=(X=-3396.994 Y=-131.975 Z=-380.353), Max=(X=52.996 Y=905.767 Z=694.408) RuntimeGrid:None EditorOnly:0 RuntimeOnly:0 HLODRelevant:1 ListedInSceneOutliner:1 IsMainWorldOnly:0
 |   |   |- [+] [ 11]
 |   |   |   |- Guid:7324F42C4AEFD21C2DE08AA4F636616C BaseClass: NativeClass:/Script/Engine.DirectionalLight Name:DirectionalLight_0 Label:DirectionalLight SpatiallyLoaded:0 Bounds:Invalid RuntimeGrid:None EditorOnly:0 RuntimeOnly:0 HLODRelevant:0 ListedInSceneOutliner:1 IsMainWorldOnly:0 FolderPath:Lighting FolderGuid:963EC3EB4002CCE9759E2EBA541A873A
 |   |   |- [+] [ 12]
 |   |   |   |- Guid:931323B14DE19B785FF6878C1CA4C248 BaseClass: NativeClass:/Script/Engine.SkyLight Name:SkyLight_1 Label:SkyLight SpatiallyLoaded:0 Bounds:IsValid=true, Min=(X=0.000 Y=0.000 Z=690.000), Max=(X=0.000 Y=0.000 Z=690.000) RuntimeGrid:None EditorOnly:0 RuntimeOnly:0 HLODRelevant:0 ListedInSceneOutliner:1 IsMainWorldOnly:0 FolderPath:Lighting FolderGuid:963EC3EB4002CCE9759E2EBA541A873A
 |   |   |- [+] [ 13]
 |   |   |   |- Guid:A56C07AD408616CC140873B4A55C5A30 BaseClass: NativeClass:/Script/Engine.VolumetricCloud Name:VolumetricCloud_0 Label:VolumetricCloud SpatiallyLoaded:0 Bounds:IsValid=true, Min=(X=0.000 Y=0.000 Z=820.000), Max=(X=0.000 Y=0.000 Z=820.000) RuntimeGrid:None EditorOnly:0 RuntimeOnly:0 HLODRelevant:0 ListedInSceneOutliner:1 IsMainWorldOnly:0 FolderPath:Lighting FolderGuid:963EC3EB4002CCE9759E2EBA541A873A
 |   |   |- [+] [ 14]
 |   |   |   |- Guid:B2FBF2814ADCE8D272F67EB9C40797F7 BaseClass: NativeClass:/Script/Engine.StaticMeshActor Name:StaticMeshActor_UAID_74563C6A55E3C99102_1813452995 Label:SM_FlyingIsland04_Mirrored2 SpatiallyLoaded:1 Bounds:IsValid=true, Min=(X=-5925.012 Y=-8172.768 Z=-1190.772), Max=(X=-3274.028 Y=-5243.983 Z=473.900) RuntimeGrid:None EditorOnly:0 RuntimeOnly:0 HLODRelevant:1 ListedInSceneOutliner:1 IsMainWorldOnly:0
 |   |   |- [+] [ 15]
 |   |   |   |- Guid:C3BF533B427E1AB33CB35580B59BF767 BaseClass:/Game/Objects/BP_TeleportDoor.BP_TeleportDoor_C NativeClass:/Script/Course_ARPG.TeleportDoor Name:BP_TeleportDoor_C_UAID_74563C6A55E3309002_1406867007 Label:BP_TeleportDoor SpatiallyLoaded:1 Bounds:IsValid=true, Min=(X=-5096.472 Y=-7721.823 Z=456.562), Max=(X=-4496.472 Y=-6971.823 Z=1034.747) RuntimeGrid:None EditorOnly:0 RuntimeOnly:0 HLODRelevant:1 ListedInSceneOutliner:1 IsMainWorldOnly:0
 |   |   |- [+] [ 16]
 |   |   |   |- Guid:D2F087404831DC33687C6FA5B7CE8CC6 BaseClass:/Game/Objects/BP_Bonfire.BP_Bonfire_C NativeClass:/Script/Course_ARPG.Bonfire Name:BP_Bonfire_C_UAID_74563C6A55E3B57C02_1766582295 Label:BP_Bonfire SpatiallyLoaded:1 Bounds:IsValid=true, Min=(X=522.278 Y=-13.433 Z=-130.249), Max=(X=1922.278 Y=1386.567 Z=1269.751) RuntimeGrid:None EditorOnly:0 RuntimeOnly:0 HLODRelevant:0 ListedInSceneOutliner:1 IsMainWorldOnly:0
 |   |   |- [+] [ 17]
 |   |   |   |- Guid:E59F43F942AB1170E235079E1FD1D13E BaseClass: NativeClass:/Script/Engine.PostProcessVolume Name:PostProcessVolume_0 Label:PostProcessVolume SpatiallyLoaded:0 Bounds:IsValid=true, Min=(X=0.000 Y=0.000 Z=400.000), Max=(X=200.000 Y=200.000 Z=600.000) RuntimeGrid:None EditorOnly:0 RuntimeOnly:0 HLODRelevant:0 ListedInSceneOutliner:1 IsMainWorldOnly:0 FolderPath:Lighting FolderGuid:963EC3EB4002CCE9759E2EBA541A873A
 |   |   |- [+] [ 18]
 |   |   |   |- Guid:F2404110467B1681A5E9CD8657030903 BaseClass: NativeClass:/Script/Engine.StaticMeshActor Name:StaticMeshActor_UAID_74563C6A55E3C99102_1985721997 Label:SM_FlatCliff2 SpatiallyLoaded:1 Bounds:IsValid=true, Min=(X=-4463.765 Y=-1034.078 Z=-1981.295), Max=(X=-2854.217 Y=821.923 Z=-122.073) RuntimeGrid:None EditorOnly:0 RuntimeOnly:0 HLODRelevant:1 ListedInSceneOutliner:1 IsMainWorldOnly:0
 |   |   |- [+] [ 19]
 |   |   |   |- Guid:F37BB0B84893172DB3A4D08349165381 BaseClass:/Game/Objects/BP_TeleportDoor.BP_TeleportDoor_C NativeClass:/Script/Course_ARPG.TeleportDoor Name:BP_TeleportDoor_C_UAID_74563C6A55E3769102_1492529384 Label:BP_TeleportDoor3 SpatiallyLoaded:1 Bounds:IsValid=true, Min=(X=6063.528 Y=-331.823 Z=-183.438), Max=(X=6663.528 Y=418.177 Z=394.747) RuntimeGrid:None EditorOnly:0 RuntimeOnly:0 HLODRelevant:1 ListedInSceneOutliner:1 IsMainWorldOnly:0
 |   |   |- [+] [ 20]
 |   |   |   |- Guid:F5B0E4344DF977EE246A9BAF82E5BEE7 BaseClass:/Game/Objects/BP_TeleportDoor.BP_TeleportDoor_C NativeClass:/Script/Course_ARPG.TeleportDoor Name:BP_TeleportDoor_C_UAID_74563C6A55E3769102_1488807383 Label:BP_TeleportDoor2 SpatiallyLoaded:1 Bounds:IsValid=true, Min=(X=-4507.869 Y=-357.384 Z=-173.089), Max=(X=-3665.075 Y=363.737 Z=405.096) RuntimeGrid:None EditorOnly:0 RuntimeOnly:0 HLODRelevant:1 ListedInSceneOutliner:1 IsMainWorldOnly:0
 |- ContainerInstances:
 |- [+] MainContainer:
 |   |-        ID: 00000000000000000000000000000000
 |   |-  ParentID: 00000000000000000000000000000000
 |   |-    Bounds: IsValid=false, Min=(X=0.000 Y=0.000 Z=0.000), Max=(X=0.000 Y=0.000 Z=0.000)
 |   |- Transform: 0.000000,0.000000,0.000000|0.000000,0.000000,-0.000000|1.000000,1.000000,1.000000
 |   |- Container: /Game/Maps/Flying_Island
----------------------------------------------------------------------------------------------------------------
Flying_Island - Persistent Level
----------------------------------------------------------------------------------------------------------------
[+] Content of Flying_Island Persistent Level
 |- Always loaded Actor Count: 21 
 |- Actor Path: /Game/Maps/Flying_Island.Flying_Island:PersistentLevel.BP_Bonfire_C_UAID_74563C6A55E3B57C02_1766582295
 |- Actor Package: /Game/__ExternalActors__/Maps/Flying_Island/1/4R/8IVLF3VS5V386OHDQMC1MP
 |- Actor Path: /Game/Maps/Flying_Island.Flying_Island:PersistentLevel.BP_TeleportDoor_C_UAID_74563C6A55E3309002_1406867007
 |- Actor Package: /Game/__ExternalActors__/Maps/Flying_Island/9/R7/EYQRW1F65CZ2YX2SN7ZJ9O
 |- Actor Path: /Game/Maps/Flying_Island.Flying_Island:PersistentLevel.BP_TeleportDoor_C_UAID_74563C6A55E3769102_1488807383
 |- Actor Package: /Game/__ExternalActors__/Maps/Flying_Island/5/VW/4T869MJ0T1P9TNPS3ZJYYX
 |- Actor Path: /Game/Maps/Flying_Island.Flying_Island:PersistentLevel.BP_TeleportDoor_C_UAID_74563C6A55E3769102_1492529384
 |- Actor Package: /Game/__ExternalActors__/Maps/Flying_Island/2/Q3/J24JOQM28CBJ1FZCDWOBZN
 |- Actor Path: /Game/Maps/Flying_Island.Flying_Island:PersistentLevel.DirectionalLight_0
 |- Actor Package: /Game/__ExternalActors__/Maps/Flying_Island/C/FC/4I7KQUFFJU2MBPNICY62ZH
 |- Actor Path: /Game/Maps/Flying_Island.Flying_Island:PersistentLevel.ExponentialHeightFog_0
 |- Actor Package: /Game/__ExternalActors__/Maps/Flying_Island/6/A9/2FLV8IMS3392U8GJWIZMS8
 |- Actor Path: /Game/Maps/Flying_Island.Flying_Island:PersistentLevel.PlayerStart_0
 |- Actor Package: /Game/__ExternalActors__/Maps/Flying_Island/3/N7/8S7HVOOXFUBEFUY0J59AHH
 |- Actor Path: /Game/Maps/Flying_Island.Flying_Island:PersistentLevel.PostProcessVolume_0
 |- Actor Package: /Game/__ExternalActors__/Maps/Flying_Island/6/T9/95NRINC3YDUZMRIDODFHMV
 |- Actor Path: /Game/Maps/Flying_Island.Flying_Island:PersistentLevel.SkyAtmosphere_0
 |- Actor Package: /Game/__ExternalActors__/Maps/Flying_Island/B/69/JM52MB2K7AC27U112VFGLM
 |- Actor Path: /Game/Maps/Flying_Island.Flying_Island:PersistentLevel.SkyLight_1
 |- Actor Package: /Game/__ExternalActors__/Maps/Flying_Island/A/BC/1R2HNW1H1MAEQVRK3XYPTN
 |- Actor Path: /Game/Maps/Flying_Island.Flying_Island:PersistentLevel.StaticMeshActor_UAID_74563C6A55E3229002_1233693543
 |- Actor Package: /Game/__ExternalActors__/Maps/Flying_Island/5/H8/XKCNY5VTBXMO06ED9RPQ2M
 |- Actor Path: /Game/Maps/Flying_Island.Flying_Island:PersistentLevel.StaticMeshActor_UAID_74563C6A55E3229002_1681486550
 |- Actor Package: /Game/__ExternalActors__/Maps/Flying_Island/8/N4/KANX7B7MC05HT2XLPZRR37
 |- Actor Path: /Game/Maps/Flying_Island.Flying_Island:PersistentLevel.StaticMeshActor_UAID_74563C6A55E3C99102_1271934991
 |- Actor Package: /Game/__ExternalActors__/Maps/Flying_Island/0/0Q/GMYMQ7R01I4VVPQ7ZYY01Z
 |- Actor Path: /Game/Maps/Flying_Island.Flying_Island:PersistentLevel.StaticMeshActor_UAID_74563C6A55E3C99102_1650096992
 |- Actor Package: /Game/__ExternalActors__/Maps/Flying_Island/9/XX/8OQ5LOKGUC0U8CWMKKEHYF
 |- Actor Path: /Game/Maps/Flying_Island.Flying_Island:PersistentLevel.StaticMeshActor_UAID_74563C6A55E3C99102_1813452995
 |- Actor Package: /Game/__ExternalActors__/Maps/Flying_Island/8/5N/NKF9YBCXRO2Z1VN88RR9PU
 |- Actor Path: /Game/Maps/Flying_Island.Flying_Island:PersistentLevel.StaticMeshActor_UAID_74563C6A55E3C99102_1826582996
 |- Actor Package: /Game/__ExternalActors__/Maps/Flying_Island/4/ZN/N74B248ZXT29H18GFSBUZQ
 |- Actor Path: /Game/Maps/Flying_Island.Flying_Island:PersistentLevel.StaticMeshActor_UAID_74563C6A55E3C99102_1985721997
 |- Actor Package: /Game/__ExternalActors__/Maps/Flying_Island/2/MC/MUOQYGC9R3I4AYWPT2HEPC
 |- Actor Path: /Game/Maps/Flying_Island.Flying_Island:PersistentLevel.StaticMeshActor_UAID_74563C6A55E3C99102_2026685998
 |- Actor Package: /Game/__ExternalActors__/Maps/Flying_Island/5/8M/QISGSDHBHZ0499J4U06D4Y
 |- Actor Path: /Game/Maps/Flying_Island.Flying_Island:PersistentLevel.StaticMeshActor_UAID_A4AE111137DC5EFB00_1110535423
 |- Actor Package: /Game/__ExternalActors__/Maps/Flying_Island/C/CU/EU6LDSZGIK4D95YSWCG3QA
 |- Actor Path: /Game/Maps/Flying_Island.Flying_Island:PersistentLevel.VolumetricCloud_0
 |- Actor Package: /Game/__ExternalActors__/Maps/Flying_Island/D/2R/KE5HQTDMLPIO5CM380SM4Z
 |- Actor Path: /Game/Maps/Flying_Island.Flying_Island:PersistentLevel.WorldDataLayers
 |- Actor Package: /Game/__ExternalActors__/Maps/Flying_Island/1/ND/REYQRW553FMF4OICZO433A

----------------------------------------------------------------------------------------------------------------
Flying_Island - Runtime Hash Set
----------------------------------------------------------------------------------------------------------------

