[+] Containers:
 |- [+] Container: /Game/Maps/Flying_Island
 |   |- [+] ActorDescs:
 |   |   |- Guid:124301B24E33958CF293F4839F86074D BaseClass: NativeClass:/Script/Engine.StaticMeshActor Name:StaticMeshActor_UAID_74563C6A55E3229002_1233693543 Label:SM_FlatCliff01 SpatiallyLoaded:1 Bounds:IsValid=true, Min=(X=-594.100 Y=-1815.950 Z=-4061.887), Max=(X=3429.769 Y=2824.051 Z=586.167) RuntimeGrid:None EditorOnly:0 RuntimeOnly:0 HLODRelevant:1 ListedInSceneOutliner:1 IsMainWorldOnly:0
 |   |   |- Guid:27A83A1D4EFBCC572111CAB1E1D556AB BaseClass: NativeClass:/Script/Engine.WorldDataLayers Name:WorldDataLayers Label:WorldDataLayers SpatiallyLoaded:0 Bounds:Invalid RuntimeGrid:None EditorOnly:0 RuntimeOnly:0 HLODRelevant:0 ListedInSceneOutliner:1 IsMainWorldOnly:1
 |   |   |- Guid:2840B02B40F2E92A9682F2BC7AFCAD84 BaseClass: NativeClass:/Script/Engine.StaticMeshActor Name:StaticMeshActor_UAID_A4AE111137DC5EFB00_1110535423 Label:SM_SkySphere SpatiallyLoaded:0 Bounds:IsValid=true, Min=(X=-1638400.000 Y=-1638400.000 Z=-1638400.000), Max=(X=1638400.000 Y=1638400.000 Z=1638400.000) RuntimeGrid:None EditorOnly:0 RuntimeOnly:0 HLODRelevant:0 ListedInSceneOutliner:1 IsMainWorldOnly:0 FolderPath:Lighting FolderGuid:963EC3EB4002CCE9759E2EBA541A873A
 |   |   |- Guid:29344E8847DE4D8DB4126BB406B6CF53 BaseClass: NativeClass:/Script/Engine.StaticMeshActor Name:StaticMeshActor_UAID_74563C6A55E3229002_1681486550 Label:SM_StatueCat01_Item03 SpatiallyLoaded:1 Bounds:IsValid=true, Min=(X=666.203 Y=1692.321 Z=514.685), Max=(X=883.134 Y=1909.206 Z=567.685) RuntimeGrid:None EditorOnly:0 RuntimeOnly:0 HLODRelevant:1 ListedInSceneOutliner:1 IsMainWorldOnly:0
 |   |   |- Guid:38D3274C4AC76684194E02A231AD39C6 BaseClass: NativeClass:/Script/Engine.PlayerStart Name:PlayerStart_0 Label:PlayerStart SpatiallyLoaded:0 Bounds:IsValid=true, Min=(X=716.998 Y=1753.322 Z=568.756), Max=(X=809.674 Y=1845.998 Z=752.756) RuntimeGrid:None EditorOnly:0 RuntimeOnly:0 HLODRelevant:0 ListedInSceneOutliner:1 IsMainWorldOnly:0
 |   |   |- Guid:4F0AC5BA48A938933E31D2BA127C9B1B BaseClass: NativeClass:/Script/Engine.SkyAtmosphere Name:SkyAtmosphere_0 Label:SkyAtmosphere SpatiallyLoaded:0 Bounds:IsValid=true, Min=(X=0.000 Y=0.000 Z=1020.000), Max=(X=0.000 Y=0.000 Z=1020.000) RuntimeGrid:None EditorOnly:0 RuntimeOnly:0 HLODRelevant:0 ListedInSceneOutliner:1 IsMainWorldOnly:0 FolderPath:Lighting FolderGuid:963EC3EB4002CCE9759E2EBA541A873A
 |   |   |- Guid:5D124DCC456F35E681CF068DEC9918DC BaseClass: NativeClass:/Script/Engine.ExponentialHeightFog Name:ExponentialHeightFog_0 Label:ExponentialHeightFog SpatiallyLoaded:0 Bounds:IsValid=true, Min=(X=-5600.000 Y=-50.000 Z=-6850.000), Max=(X=-5600.000 Y=-50.000 Z=-6850.000) RuntimeGrid:None EditorOnly:0 RuntimeOnly:0 HLODRelevant:0 ListedInSceneOutliner:1 IsMainWorldOnly:0 FolderPath:Lighting FolderGuid:963EC3EB4002CCE9759E2EBA541A873A
 |   |   |- Guid:7324F42C4AEFD21C2DE08AA4F636616C BaseClass: NativeClass:/Script/Engine.DirectionalLight Name:DirectionalLight_0 Label:DirectionalLight SpatiallyLoaded:0 Bounds:Invalid RuntimeGrid:None EditorOnly:0 RuntimeOnly:0 HLODRelevant:0 ListedInSceneOutliner:1 IsMainWorldOnly:0 FolderPath:Lighting FolderGuid:963EC3EB4002CCE9759E2EBA541A873A
 |   |   |- Guid:931323B14DE19B785FF6878C1CA4C248 BaseClass: NativeClass:/Script/Engine.SkyLight Name:SkyLight_1 Label:SkyLight SpatiallyLoaded:0 Bounds:IsValid=true, Min=(X=0.000 Y=0.000 Z=690.000), Max=(X=0.000 Y=0.000 Z=690.000) RuntimeGrid:None EditorOnly:0 RuntimeOnly:0 HLODRelevant:0 ListedInSceneOutliner:1 IsMainWorldOnly:0 FolderPath:Lighting FolderGuid:963EC3EB4002CCE9759E2EBA541A873A
 |   |   |- Guid:A56C07AD408616CC140873B4A55C5A30 BaseClass: NativeClass:/Script/Engine.VolumetricCloud Name:VolumetricCloud_0 Label:VolumetricCloud SpatiallyLoaded:0 Bounds:IsValid=true, Min=(X=0.000 Y=0.000 Z=820.000), Max=(X=0.000 Y=0.000 Z=820.000) RuntimeGrid:None EditorOnly:0 RuntimeOnly:0 HLODRelevant:0 ListedInSceneOutliner:1 IsMainWorldOnly:0 FolderPath:Lighting FolderGuid:963EC3EB4002CCE9759E2EBA541A873A
 |   |   |- Guid:C3BF533B427E1AB33CB35580B59BF767 BaseClass:/Game/Objects/BP_TeleportDoor.BP_TeleportDoor_C NativeClass:/Script/Course_ARPG.TeleportDoor Name:BP_TeleportDoor_C_UAID_74563C6A55E3309002_1406867007 Label:BP_TeleportDoor SpatiallyLoaded:1 Bounds:IsValid=true, Min=(X=1053.528 Y=-331.823 Z=398.557), Max=(X=1653.528 Y=418.177 Z=1094.747) RuntimeGrid:None EditorOnly:0 RuntimeOnly:0 HLODRelevant:1 ListedInSceneOutliner:1 IsMainWorldOnly:0
 |   |   |- Guid:D2F087404831DC33687C6FA5B7CE8CC6 BaseClass:/Game/Objects/BP_Bonfire.BP_Bonfire_C NativeClass:/Script/Course_ARPG.Bonfire Name:BP_Bonfire_C_UAID_74563C6A55E3B57C02_1766582295 Label:BP_Bonfire SpatiallyLoaded:1 Bounds:IsValid=true, Min=(X=-227.722 Y=626.567 Z=-130.249), Max=(X=1172.278 Y=2026.567 Z=1269.751) RuntimeGrid:None EditorOnly:0 RuntimeOnly:0 HLODRelevant:0 ListedInSceneOutliner:1 IsMainWorldOnly:0
 |   |   |- Guid:E59F43F942AB1170E235079E1FD1D13E BaseClass: NativeClass:/Script/Engine.PostProcessVolume Name:PostProcessVolume_0 Label:PostProcessVolume SpatiallyLoaded:0 Bounds:IsValid=true, Min=(X=0.000 Y=0.000 Z=400.000), Max=(X=200.000 Y=200.000 Z=600.000) RuntimeGrid:None EditorOnly:0 RuntimeOnly:0 HLODRelevant:0 ListedInSceneOutliner:1 IsMainWorldOnly:0 FolderPath:Lighting FolderGuid:963EC3EB4002CCE9759E2EBA541A873A
 |   |   |- Guid:F37BB0B84893172DB3A4D08349165381 BaseClass:/Game/Objects/BP_TeleportDoor.BP_TeleportDoor_C NativeClass:/Script/Course_ARPG.TeleportDoor Name:BP_TeleportDoor_C_UAID_74563C6A55E3769102_1492529384 Label:BP_TeleportDoor3 SpatiallyLoaded:1 Bounds:IsValid=true, Min=(X=1673.528 Y=-331.823 Z=398.557), Max=(X=2273.528 Y=418.177 Z=1094.747) RuntimeGrid:None EditorOnly:0 RuntimeOnly:0 HLODRelevant:1 ListedInSceneOutliner:1 IsMainWorldOnly:0
 |   |   |- Guid:F5B0E4344DF977EE246A9BAF82E5BEE7 BaseClass:/Game/Objects/BP_TeleportDoor.BP_TeleportDoor_C NativeClass:/Script/Course_ARPG.TeleportDoor Name:BP_TeleportDoor_C_UAID_74563C6A55E3769102_1488807383 Label:BP_TeleportDoor2 SpatiallyLoaded:1 Bounds:IsValid=true, Min=(X=433.528 Y=-331.823 Z=398.557), Max=(X=1033.528 Y=418.177 Z=1094.747) RuntimeGrid:None EditorOnly:0 RuntimeOnly:0 HLODRelevant:1 ListedInSceneOutliner:1 IsMainWorldOnly:0
 |   |- [+] Clusters:
 |   |   |- [+] [  0]
 |   |   |   |- Guid:124301B24E33958CF293F4839F86074D BaseClass: NativeClass:/Script/Engine.StaticMeshActor Name:StaticMeshActor_UAID_74563C6A55E3229002_1233693543 Label:SM_FlatCliff01 SpatiallyLoaded:1 Bounds:IsValid=true, Min=(X=-594.100 Y=-1815.950 Z=-4061.887), Max=(X=3429.769 Y=2824.051 Z=586.167) RuntimeGrid:None EditorOnly:0 RuntimeOnly:0 HLODRelevant:1 ListedInSceneOutliner:1 IsMainWorldOnly:0
 |   |   |- [+] [  1]
 |   |   |   |- Guid:27A83A1D4EFBCC572111CAB1E1D556AB BaseClass: NativeClass:/Script/Engine.WorldDataLayers Name:WorldDataLayers Label:WorldDataLayers SpatiallyLoaded:0 Bounds:Invalid RuntimeGrid:None EditorOnly:0 RuntimeOnly:0 HLODRelevant:0 ListedInSceneOutliner:1 IsMainWorldOnly:1
 |   |   |- [+] [  2]
 |   |   |   |- Guid:2840B02B40F2E92A9682F2BC7AFCAD84 BaseClass: NativeClass:/Script/Engine.StaticMeshActor Name:StaticMeshActor_UAID_A4AE111137DC5EFB00_1110535423 Label:SM_SkySphere SpatiallyLoaded:0 Bounds:IsValid=true, Min=(X=-1638400.000 Y=-1638400.000 Z=-1638400.000), Max=(X=1638400.000 Y=1638400.000 Z=1638400.000) RuntimeGrid:None EditorOnly:0 RuntimeOnly:0 HLODRelevant:0 ListedInSceneOutliner:1 IsMainWorldOnly:0 FolderPath:Lighting FolderGuid:963EC3EB4002CCE9759E2EBA541A873A
 |   |   |- [+] [  3]
 |   |   |   |- Guid:29344E8847DE4D8DB4126BB406B6CF53 BaseClass: NativeClass:/Script/Engine.StaticMeshActor Name:StaticMeshActor_UAID_74563C6A55E3229002_1681486550 Label:SM_StatueCat01_Item03 SpatiallyLoaded:1 Bounds:IsValid=true, Min=(X=666.203 Y=1692.321 Z=514.685), Max=(X=883.134 Y=1909.206 Z=567.685) RuntimeGrid:None EditorOnly:0 RuntimeOnly:0 HLODRelevant:1 ListedInSceneOutliner:1 IsMainWorldOnly:0
 |   |   |- [+] [  4]
 |   |   |   |- Guid:38D3274C4AC76684194E02A231AD39C6 BaseClass: NativeClass:/Script/Engine.PlayerStart Name:PlayerStart_0 Label:PlayerStart SpatiallyLoaded:0 Bounds:IsValid=true, Min=(X=716.998 Y=1753.322 Z=568.756), Max=(X=809.674 Y=1845.998 Z=752.756) RuntimeGrid:None EditorOnly:0 RuntimeOnly:0 HLODRelevant:0 ListedInSceneOutliner:1 IsMainWorldOnly:0
 |   |   |- [+] [  5]
 |   |   |   |- Guid:4F0AC5BA48A938933E31D2BA127C9B1B BaseClass: NativeClass:/Script/Engine.SkyAtmosphere Name:SkyAtmosphere_0 Label:SkyAtmosphere SpatiallyLoaded:0 Bounds:IsValid=true, Min=(X=0.000 Y=0.000 Z=1020.000), Max=(X=0.000 Y=0.000 Z=1020.000) RuntimeGrid:None EditorOnly:0 RuntimeOnly:0 HLODRelevant:0 ListedInSceneOutliner:1 IsMainWorldOnly:0 FolderPath:Lighting FolderGuid:963EC3EB4002CCE9759E2EBA541A873A
 |   |   |- [+] [  6]
 |   |   |   |- Guid:5D124DCC456F35E681CF068DEC9918DC BaseClass: NativeClass:/Script/Engine.ExponentialHeightFog Name:ExponentialHeightFog_0 Label:ExponentialHeightFog SpatiallyLoaded:0 Bounds:IsValid=true, Min=(X=-5600.000 Y=-50.000 Z=-6850.000), Max=(X=-5600.000 Y=-50.000 Z=-6850.000) RuntimeGrid:None EditorOnly:0 RuntimeOnly:0 HLODRelevant:0 ListedInSceneOutliner:1 IsMainWorldOnly:0 FolderPath:Lighting FolderGuid:963EC3EB4002CCE9759E2EBA541A873A
 |   |   |- [+] [  7]
 |   |   |   |- Guid:7324F42C4AEFD21C2DE08AA4F636616C BaseClass: NativeClass:/Script/Engine.DirectionalLight Name:DirectionalLight_0 Label:DirectionalLight SpatiallyLoaded:0 Bounds:Invalid RuntimeGrid:None EditorOnly:0 RuntimeOnly:0 HLODRelevant:0 ListedInSceneOutliner:1 IsMainWorldOnly:0 FolderPath:Lighting FolderGuid:963EC3EB4002CCE9759E2EBA541A873A
 |   |   |- [+] [  8]
 |   |   |   |- Guid:931323B14DE19B785FF6878C1CA4C248 BaseClass: NativeClass:/Script/Engine.SkyLight Name:SkyLight_1 Label:SkyLight SpatiallyLoaded:0 Bounds:IsValid=true, Min=(X=0.000 Y=0.000 Z=690.000), Max=(X=0.000 Y=0.000 Z=690.000) RuntimeGrid:None EditorOnly:0 RuntimeOnly:0 HLODRelevant:0 ListedInSceneOutliner:1 IsMainWorldOnly:0 FolderPath:Lighting FolderGuid:963EC3EB4002CCE9759E2EBA541A873A
 |   |   |- [+] [  9]
 |   |   |   |- Guid:A56C07AD408616CC140873B4A55C5A30 BaseClass: NativeClass:/Script/Engine.VolumetricCloud Name:VolumetricCloud_0 Label:VolumetricCloud SpatiallyLoaded:0 Bounds:IsValid=true, Min=(X=0.000 Y=0.000 Z=820.000), Max=(X=0.000 Y=0.000 Z=820.000) RuntimeGrid:None EditorOnly:0 RuntimeOnly:0 HLODRelevant:0 ListedInSceneOutliner:1 IsMainWorldOnly:0 FolderPath:Lighting FolderGuid:963EC3EB4002CCE9759E2EBA541A873A
 |   |   |- [+] [ 10]
 |   |   |   |- Guid:C3BF533B427E1AB33CB35580B59BF767 BaseClass:/Game/Objects/BP_TeleportDoor.BP_TeleportDoor_C NativeClass:/Script/Course_ARPG.TeleportDoor Name:BP_TeleportDoor_C_UAID_74563C6A55E3309002_1406867007 Label:BP_TeleportDoor SpatiallyLoaded:1 Bounds:IsValid=true, Min=(X=1053.528 Y=-331.823 Z=398.557), Max=(X=1653.528 Y=418.177 Z=1094.747) RuntimeGrid:None EditorOnly:0 RuntimeOnly:0 HLODRelevant:1 ListedInSceneOutliner:1 IsMainWorldOnly:0
 |   |   |- [+] [ 11]
 |   |   |   |- Guid:D2F087404831DC33687C6FA5B7CE8CC6 BaseClass:/Game/Objects/BP_Bonfire.BP_Bonfire_C NativeClass:/Script/Course_ARPG.Bonfire Name:BP_Bonfire_C_UAID_74563C6A55E3B57C02_1766582295 Label:BP_Bonfire SpatiallyLoaded:1 Bounds:IsValid=true, Min=(X=-227.722 Y=626.567 Z=-130.249), Max=(X=1172.278 Y=2026.567 Z=1269.751) RuntimeGrid:None EditorOnly:0 RuntimeOnly:0 HLODRelevant:0 ListedInSceneOutliner:1 IsMainWorldOnly:0
 |   |   |- [+] [ 12]
 |   |   |   |- Guid:E59F43F942AB1170E235079E1FD1D13E BaseClass: NativeClass:/Script/Engine.PostProcessVolume Name:PostProcessVolume_0 Label:PostProcessVolume SpatiallyLoaded:0 Bounds:IsValid=true, Min=(X=0.000 Y=0.000 Z=400.000), Max=(X=200.000 Y=200.000 Z=600.000) RuntimeGrid:None EditorOnly:0 RuntimeOnly:0 HLODRelevant:0 ListedInSceneOutliner:1 IsMainWorldOnly:0 FolderPath:Lighting FolderGuid:963EC3EB4002CCE9759E2EBA541A873A
 |   |   |- [+] [ 13]
 |   |   |   |- Guid:F37BB0B84893172DB3A4D08349165381 BaseClass:/Game/Objects/BP_TeleportDoor.BP_TeleportDoor_C NativeClass:/Script/Course_ARPG.TeleportDoor Name:BP_TeleportDoor_C_UAID_74563C6A55E3769102_1492529384 Label:BP_TeleportDoor3 SpatiallyLoaded:1 Bounds:IsValid=true, Min=(X=1673.528 Y=-331.823 Z=398.557), Max=(X=2273.528 Y=418.177 Z=1094.747) RuntimeGrid:None EditorOnly:0 RuntimeOnly:0 HLODRelevant:1 ListedInSceneOutliner:1 IsMainWorldOnly:0
 |   |   |- [+] [ 14]
 |   |   |   |- Guid:F5B0E4344DF977EE246A9BAF82E5BEE7 BaseClass:/Game/Objects/BP_TeleportDoor.BP_TeleportDoor_C NativeClass:/Script/Course_ARPG.TeleportDoor Name:BP_TeleportDoor_C_UAID_74563C6A55E3769102_1488807383 Label:BP_TeleportDoor2 SpatiallyLoaded:1 Bounds:IsValid=true, Min=(X=433.528 Y=-331.823 Z=398.557), Max=(X=1033.528 Y=418.177 Z=1094.747) RuntimeGrid:None EditorOnly:0 RuntimeOnly:0 HLODRelevant:1 ListedInSceneOutliner:1 IsMainWorldOnly:0
 |- ContainerInstances:
 |- [+] MainContainer:
 |   |-        ID: 00000000000000000000000000000000
 |   |-  ParentID: 00000000000000000000000000000000
 |   |-    Bounds: IsValid=false, Min=(X=0.000 Y=0.000 Z=0.000), Max=(X=0.000 Y=0.000 Z=0.000)
 |   |- Transform: 0.000000,0.000000,0.000000|0.000000,0.000000,-0.000000|1.000000,1.000000,1.000000
 |   |- Container: /Game/Maps/Flying_Island
----------------------------------------------------------------------------------------------------------------
Flying_Island - Persistent Level
----------------------------------------------------------------------------------------------------------------
[+] Content of Flying_Island Persistent Level
 |- Always loaded Actor Count: 15 
 |- Actor Path: /Game/Maps/Flying_Island.Flying_Island:PersistentLevel.BP_Bonfire_C_UAID_74563C6A55E3B57C02_1766582295
 |- Actor Package: /Game/__ExternalActors__/Maps/Flying_Island/1/4R/8IVLF3VS5V386OHDQMC1MP
 |- Actor Path: /Game/Maps/Flying_Island.Flying_Island:PersistentLevel.BP_TeleportDoor_C_UAID_74563C6A55E3309002_1406867007
 |- Actor Package: /Game/__ExternalActors__/Maps/Flying_Island/9/R7/EYQRW1F65CZ2YX2SN7ZJ9O
 |- Actor Path: /Game/Maps/Flying_Island.Flying_Island:PersistentLevel.BP_TeleportDoor_C_UAID_74563C6A55E3769102_1488807383
 |- Actor Package: /Game/__ExternalActors__/Maps/Flying_Island/5/VW/4T869MJ0T1P9TNPS3ZJYYX
 |- Actor Path: /Game/Maps/Flying_Island.Flying_Island:PersistentLevel.BP_TeleportDoor_C_UAID_74563C6A55E3769102_1492529384
 |- Actor Package: /Game/__ExternalActors__/Maps/Flying_Island/2/Q3/J24JOQM28CBJ1FZCDWOBZN
 |- Actor Path: /Game/Maps/Flying_Island.Flying_Island:PersistentLevel.DirectionalLight_0
 |- Actor Package: /Game/__ExternalActors__/Maps/Flying_Island/C/FC/4I7KQUFFJU2MBPNICY62ZH
 |- Actor Path: /Game/Maps/Flying_Island.Flying_Island:PersistentLevel.ExponentialHeightFog_0
 |- Actor Package: /Game/__ExternalActors__/Maps/Flying_Island/6/A9/2FLV8IMS3392U8GJWIZMS8
 |- Actor Path: /Game/Maps/Flying_Island.Flying_Island:PersistentLevel.PlayerStart_0
 |- Actor Package: /Game/__ExternalActors__/Maps/Flying_Island/3/N7/8S7HVOOXFUBEFUY0J59AHH
 |- Actor Path: /Game/Maps/Flying_Island.Flying_Island:PersistentLevel.PostProcessVolume_0
 |- Actor Package: /Game/__ExternalActors__/Maps/Flying_Island/6/T9/95NRINC3YDUZMRIDODFHMV
 |- Actor Path: /Game/Maps/Flying_Island.Flying_Island:PersistentLevel.SkyAtmosphere_0
 |- Actor Package: /Game/__ExternalActors__/Maps/Flying_Island/B/69/JM52MB2K7AC27U112VFGLM
 |- Actor Path: /Game/Maps/Flying_Island.Flying_Island:PersistentLevel.SkyLight_1
 |- Actor Package: /Game/__ExternalActors__/Maps/Flying_Island/A/BC/1R2HNW1H1MAEQVRK3XYPTN
 |- Actor Path: /Game/Maps/Flying_Island.Flying_Island:PersistentLevel.StaticMeshActor_UAID_74563C6A55E3229002_1233693543
 |- Actor Package: /Game/__ExternalActors__/Maps/Flying_Island/5/H8/XKCNY5VTBXMO06ED9RPQ2M
 |- Actor Path: /Game/Maps/Flying_Island.Flying_Island:PersistentLevel.StaticMeshActor_UAID_74563C6A55E3229002_1681486550
 |- Actor Package: /Game/__ExternalActors__/Maps/Flying_Island/8/N4/KANX7B7MC05HT2XLPZRR37
 |- Actor Path: /Game/Maps/Flying_Island.Flying_Island:PersistentLevel.StaticMeshActor_UAID_A4AE111137DC5EFB00_1110535423
 |- Actor Package: /Game/__ExternalActors__/Maps/Flying_Island/C/CU/EU6LDSZGIK4D95YSWCG3QA
 |- Actor Path: /Game/Maps/Flying_Island.Flying_Island:PersistentLevel.VolumetricCloud_0
 |- Actor Package: /Game/__ExternalActors__/Maps/Flying_Island/D/2R/KE5HQTDMLPIO5CM380SM4Z
 |- Actor Path: /Game/Maps/Flying_Island.Flying_Island:PersistentLevel.WorldDataLayers
 |- Actor Package: /Game/__ExternalActors__/Maps/Flying_Island/1/ND/REYQRW553FMF4OICZO433A

----------------------------------------------------------------------------------------------------------------
Flying_Island - Runtime Hash Set
----------------------------------------------------------------------------------------------------------------

