[+] Containers:
 |- [+] Container: /Game/Maps/FlyingIsland
 |   |- [+] ActorDescs:
 |   |   |- Guid:00B85D214A8D7177EFC3CF808F766145 BaseClass: NativeClass:/Script/NavigationSystem.RecastNavMesh Name:RecastNavMesh_UAID_74563C6A55E3EA5D02-Default Label:RecastNavMesh-Default SpatiallyLoaded:0 Bounds:IsValid=true, Min=(X=0.000 Y=0.000 Z=0.000), Max=(X=0.000 Y=0.000 Z=0.000) RuntimeGrid:None EditorOnly:0 RuntimeOnly:0 HLODRelevant:0 ListedInSceneOutliner:1 IsMainWorldOnly:0
 |   |   |- Guid:124301B24E33958CF293F4839F86074D BaseClass: NativeClass:/Script/Engine.StaticMeshActor Name:StaticMeshActor_UAID_74563C6A55E3229002_1233693543 Label:SM_FlatCliff01 SpatiallyLoaded:1 Bounds:IsValid=true, Min=(X=-594.100 Y=-1815.950 Z=-4061.887), Max=(X=3429.769 Y=2824.051 Z=586.167) RuntimeGrid:None EditorOnly:0 RuntimeOnly:0 HLODRelevant:1 ListedInSceneOutliner:1 IsMainWorldOnly:0
 |   |   |- Guid:1AAEFFCC40C3D74292701B91656744DC BaseClass: NativeClass:/Script/NavigationSystem.NavMeshBoundsVolume Name:NavMeshBoundsVolume_UAID_74563C6A55E3EA5D02_1672693887 Label:NavMeshBoundsVolume SpatiallyLoaded:0 Bounds:IsValid=true, Min=(X=-500.000 Y=20.000 Z=-90.000), Max=(X=6700.000 Y=7220.000 Z=110.000) RuntimeGrid:None EditorOnly:0 RuntimeOnly:0 HLODRelevant:0 ListedInSceneOutliner:1 IsMainWorldOnly:0
 |   |   |- Guid:27A83A1D4EFBCC572111CAB1E1D556AB BaseClass: NativeClass:/Script/Engine.WorldDataLayers Name:WorldDataLayers Label:WorldDataLayers SpatiallyLoaded:0 Bounds:Invalid RuntimeGrid:None EditorOnly:0 RuntimeOnly:0 HLODRelevant:0 ListedInSceneOutliner:1 IsMainWorldOnly:1
 |   |   |- Guid:2840B02B40F2E92A9682F2BC7AFCAD84 BaseClass: NativeClass:/Script/Engine.StaticMeshActor Name:StaticMeshActor_UAID_A4AE111137DC5EFB00_1110535423 Label:SM_SkySphere SpatiallyLoaded:0 Bounds:IsValid=true, Min=(X=-1638400.000 Y=-1638400.000 Z=-1638400.000), Max=(X=1638400.000 Y=1638400.000 Z=1638400.000) RuntimeGrid:None EditorOnly:0 RuntimeOnly:0 HLODRelevant:0 ListedInSceneOutliner:1 IsMainWorldOnly:0 FolderPath:Lighting FolderGuid:963EC3EB4002CCE9759E2EBA541A873A
 |   |   |- Guid:29344E8847DE4D8DB4126BB406B6CF53 BaseClass: NativeClass:/Script/Engine.StaticMeshActor Name:StaticMeshActor_UAID_74563C6A55E3229002_1681486550 Label:SM_StatueCat01_Item03 SpatiallyLoaded:1 Bounds:IsValid=true, Min=(X=666.203 Y=1692.321 Z=514.685), Max=(X=883.134 Y=1909.206 Z=567.685) RuntimeGrid:None EditorOnly:0 RuntimeOnly:0 HLODRelevant:1 ListedInSceneOutliner:1 IsMainWorldOnly:0
 |   |   |- Guid:38D3274C4AC76684194E02A231AD39C6 BaseClass: NativeClass:/Script/Engine.PlayerStart Name:PlayerStart_0 Label:PlayerStart SpatiallyLoaded:0 Bounds:IsValid=true, Min=(X=720.471 Y=1773.018 Z=568.756), Max=(X=813.147 Y=1865.694 Z=752.756) RuntimeGrid:None EditorOnly:0 RuntimeOnly:0 HLODRelevant:0 ListedInSceneOutliner:1 IsMainWorldOnly:0
 |   |   |- Guid:4F0AC5BA48A938933E31D2BA127C9B1B BaseClass: NativeClass:/Script/Engine.SkyAtmosphere Name:SkyAtmosphere_0 Label:SkyAtmosphere SpatiallyLoaded:0 Bounds:IsValid=true, Min=(X=0.000 Y=0.000 Z=1020.000), Max=(X=0.000 Y=0.000 Z=1020.000) RuntimeGrid:None EditorOnly:0 RuntimeOnly:0 HLODRelevant:0 ListedInSceneOutliner:1 IsMainWorldOnly:0 FolderPath:Lighting FolderGuid:963EC3EB4002CCE9759E2EBA541A873A
 |   |   |- Guid:5D124DCC456F35E681CF068DEC9918DC BaseClass: NativeClass:/Script/Engine.ExponentialHeightFog Name:ExponentialHeightFog_0 Label:ExponentialHeightFog SpatiallyLoaded:0 Bounds:IsValid=true, Min=(X=-5600.000 Y=-50.000 Z=-6850.000), Max=(X=-5600.000 Y=-50.000 Z=-6850.000) RuntimeGrid:None EditorOnly:0 RuntimeOnly:0 HLODRelevant:0 ListedInSceneOutliner:1 IsMainWorldOnly:0 FolderPath:Lighting FolderGuid:963EC3EB4002CCE9759E2EBA541A873A
 |   |   |- Guid:7324F42C4AEFD21C2DE08AA4F636616C BaseClass: NativeClass:/Script/Engine.DirectionalLight Name:DirectionalLight_0 Label:DirectionalLight SpatiallyLoaded:0 Bounds:Invalid RuntimeGrid:None EditorOnly:0 RuntimeOnly:0 HLODRelevant:0 ListedInSceneOutliner:1 IsMainWorldOnly:0 FolderPath:Lighting FolderGuid:963EC3EB4002CCE9759E2EBA541A873A
 |   |   |- Guid:931323B14DE19B785FF6878C1CA4C248 BaseClass: NativeClass:/Script/Engine.SkyLight Name:SkyLight_1 Label:SkyLight SpatiallyLoaded:0 Bounds:IsValid=true, Min=(X=0.000 Y=0.000 Z=690.000), Max=(X=0.000 Y=0.000 Z=690.000) RuntimeGrid:None EditorOnly:0 RuntimeOnly:0 HLODRelevant:0 ListedInSceneOutliner:1 IsMainWorldOnly:0 FolderPath:Lighting FolderGuid:963EC3EB4002CCE9759E2EBA541A873A
 |   |   |- Guid:A56C07AD408616CC140873B4A55C5A30 BaseClass: NativeClass:/Script/Engine.VolumetricCloud Name:VolumetricCloud_0 Label:VolumetricCloud SpatiallyLoaded:0 Bounds:IsValid=true, Min=(X=0.000 Y=0.000 Z=820.000), Max=(X=0.000 Y=0.000 Z=820.000) RuntimeGrid:None EditorOnly:0 RuntimeOnly:0 HLODRelevant:0 ListedInSceneOutliner:1 IsMainWorldOnly:0 FolderPath:Lighting FolderGuid:963EC3EB4002CCE9759E2EBA541A873A
 |   |   |- Guid:C3BF533B427E1AB33CB35580B59BF767 BaseClass:/Game/Objects/BP_TeleportDoor.BP_TeleportDoor_C NativeClass:/Script/Course_ARPG.TeleportDoor Name:BP_TeleportDoor_C_UAID_74563C6A55E3309002_1406867007 Label:BP_TeleportDoor SpatiallyLoaded:1 Bounds:IsValid=true, Min=(X=1053.528 Y=-256.823 Z=453.821), Max=(X=1653.528 Y=343.177 Z=953.821) RuntimeGrid:None EditorOnly:0 RuntimeOnly:0 HLODRelevant:0 ListedInSceneOutliner:1 IsMainWorldOnly:0
 |   |   |- Guid:D2F087404831DC33687C6FA5B7CE8CC6 BaseClass:/Game/Objects/BP_Bonfire.BP_Bonfire_C NativeClass:/Script/Course_ARPG.Bonfire Name:BP_Bonfire_C_UAID_74563C6A55E3B57C02_1766582295 Label:BP_Bonfire SpatiallyLoaded:1 Bounds:IsValid=true, Min=(X=72.278 Y=926.567 Z=199.751), Max=(X=872.278 Y=1726.567 Z=999.751) RuntimeGrid:None EditorOnly:0 RuntimeOnly:0 HLODRelevant:0 ListedInSceneOutliner:1 IsMainWorldOnly:0
 |   |   |- Guid:E59F43F942AB1170E235079E1FD1D13E BaseClass: NativeClass:/Script/Engine.PostProcessVolume Name:PostProcessVolume_0 Label:PostProcessVolume SpatiallyLoaded:0 Bounds:IsValid=true, Min=(X=0.000 Y=0.000 Z=400.000), Max=(X=200.000 Y=200.000 Z=600.000) RuntimeGrid:None EditorOnly:0 RuntimeOnly:0 HLODRelevant:0 ListedInSceneOutliner:1 IsMainWorldOnly:0 FolderPath:Lighting FolderGuid:963EC3EB4002CCE9759E2EBA541A873A
 |   |- [+] Clusters:
 |   |   |- [+] [  0]
 |   |   |   |- Guid:00B85D214A8D7177EFC3CF808F766145 BaseClass: NativeClass:/Script/NavigationSystem.RecastNavMesh Name:RecastNavMesh_UAID_74563C6A55E3EA5D02-Default Label:RecastNavMesh-Default SpatiallyLoaded:0 Bounds:IsValid=true, Min=(X=0.000 Y=0.000 Z=0.000), Max=(X=0.000 Y=0.000 Z=0.000) RuntimeGrid:None EditorOnly:0 RuntimeOnly:0 HLODRelevant:0 ListedInSceneOutliner:1 IsMainWorldOnly:0
 |   |   |- [+] [  1]
 |   |   |   |- Guid:124301B24E33958CF293F4839F86074D BaseClass: NativeClass:/Script/Engine.StaticMeshActor Name:StaticMeshActor_UAID_74563C6A55E3229002_1233693543 Label:SM_FlatCliff01 SpatiallyLoaded:1 Bounds:IsValid=true, Min=(X=-594.100 Y=-1815.950 Z=-4061.887), Max=(X=3429.769 Y=2824.051 Z=586.167) RuntimeGrid:None EditorOnly:0 RuntimeOnly:0 HLODRelevant:1 ListedInSceneOutliner:1 IsMainWorldOnly:0
 |   |   |- [+] [  2]
 |   |   |   |- Guid:1AAEFFCC40C3D74292701B91656744DC BaseClass: NativeClass:/Script/NavigationSystem.NavMeshBoundsVolume Name:NavMeshBoundsVolume_UAID_74563C6A55E3EA5D02_1672693887 Label:NavMeshBoundsVolume SpatiallyLoaded:0 Bounds:IsValid=true, Min=(X=-500.000 Y=20.000 Z=-90.000), Max=(X=6700.000 Y=7220.000 Z=110.000) RuntimeGrid:None EditorOnly:0 RuntimeOnly:0 HLODRelevant:0 ListedInSceneOutliner:1 IsMainWorldOnly:0
 |   |   |- [+] [  3]
 |   |   |   |- Guid:27A83A1D4EFBCC572111CAB1E1D556AB BaseClass: NativeClass:/Script/Engine.WorldDataLayers Name:WorldDataLayers Label:WorldDataLayers SpatiallyLoaded:0 Bounds:Invalid RuntimeGrid:None EditorOnly:0 RuntimeOnly:0 HLODRelevant:0 ListedInSceneOutliner:1 IsMainWorldOnly:1
 |   |   |- [+] [  4]
 |   |   |   |- Guid:2840B02B40F2E92A9682F2BC7AFCAD84 BaseClass: NativeClass:/Script/Engine.StaticMeshActor Name:StaticMeshActor_UAID_A4AE111137DC5EFB00_1110535423 Label:SM_SkySphere SpatiallyLoaded:0 Bounds:IsValid=true, Min=(X=-1638400.000 Y=-1638400.000 Z=-1638400.000), Max=(X=1638400.000 Y=1638400.000 Z=1638400.000) RuntimeGrid:None EditorOnly:0 RuntimeOnly:0 HLODRelevant:0 ListedInSceneOutliner:1 IsMainWorldOnly:0 FolderPath:Lighting FolderGuid:963EC3EB4002CCE9759E2EBA541A873A
 |   |   |- [+] [  5]
 |   |   |   |- Guid:29344E8847DE4D8DB4126BB406B6CF53 BaseClass: NativeClass:/Script/Engine.StaticMeshActor Name:StaticMeshActor_UAID_74563C6A55E3229002_1681486550 Label:SM_StatueCat01_Item03 SpatiallyLoaded:1 Bounds:IsValid=true, Min=(X=666.203 Y=1692.321 Z=514.685), Max=(X=883.134 Y=1909.206 Z=567.685) RuntimeGrid:None EditorOnly:0 RuntimeOnly:0 HLODRelevant:1 ListedInSceneOutliner:1 IsMainWorldOnly:0
 |   |   |- [+] [  6]
 |   |   |   |- Guid:38D3274C4AC76684194E02A231AD39C6 BaseClass: NativeClass:/Script/Engine.PlayerStart Name:PlayerStart_0 Label:PlayerStart SpatiallyLoaded:0 Bounds:IsValid=true, Min=(X=720.471 Y=1773.018 Z=568.756), Max=(X=813.147 Y=1865.694 Z=752.756) RuntimeGrid:None EditorOnly:0 RuntimeOnly:0 HLODRelevant:0 ListedInSceneOutliner:1 IsMainWorldOnly:0
 |   |   |- [+] [  7]
 |   |   |   |- Guid:4F0AC5BA48A938933E31D2BA127C9B1B BaseClass: NativeClass:/Script/Engine.SkyAtmosphere Name:SkyAtmosphere_0 Label:SkyAtmosphere SpatiallyLoaded:0 Bounds:IsValid=true, Min=(X=0.000 Y=0.000 Z=1020.000), Max=(X=0.000 Y=0.000 Z=1020.000) RuntimeGrid:None EditorOnly:0 RuntimeOnly:0 HLODRelevant:0 ListedInSceneOutliner:1 IsMainWorldOnly:0 FolderPath:Lighting FolderGuid:963EC3EB4002CCE9759E2EBA541A873A
 |   |   |- [+] [  8]
 |   |   |   |- Guid:5D124DCC456F35E681CF068DEC9918DC BaseClass: NativeClass:/Script/Engine.ExponentialHeightFog Name:ExponentialHeightFog_0 Label:ExponentialHeightFog SpatiallyLoaded:0 Bounds:IsValid=true, Min=(X=-5600.000 Y=-50.000 Z=-6850.000), Max=(X=-5600.000 Y=-50.000 Z=-6850.000) RuntimeGrid:None EditorOnly:0 RuntimeOnly:0 HLODRelevant:0 ListedInSceneOutliner:1 IsMainWorldOnly:0 FolderPath:Lighting FolderGuid:963EC3EB4002CCE9759E2EBA541A873A
 |   |   |- [+] [  9]
 |   |   |   |- Guid:7324F42C4AEFD21C2DE08AA4F636616C BaseClass: NativeClass:/Script/Engine.DirectionalLight Name:DirectionalLight_0 Label:DirectionalLight SpatiallyLoaded:0 Bounds:Invalid RuntimeGrid:None EditorOnly:0 RuntimeOnly:0 HLODRelevant:0 ListedInSceneOutliner:1 IsMainWorldOnly:0 FolderPath:Lighting FolderGuid:963EC3EB4002CCE9759E2EBA541A873A
 |   |   |- [+] [ 10]
 |   |   |   |- Guid:931323B14DE19B785FF6878C1CA4C248 BaseClass: NativeClass:/Script/Engine.SkyLight Name:SkyLight_1 Label:SkyLight SpatiallyLoaded:0 Bounds:IsValid=true, Min=(X=0.000 Y=0.000 Z=690.000), Max=(X=0.000 Y=0.000 Z=690.000) RuntimeGrid:None EditorOnly:0 RuntimeOnly:0 HLODRelevant:0 ListedInSceneOutliner:1 IsMainWorldOnly:0 FolderPath:Lighting FolderGuid:963EC3EB4002CCE9759E2EBA541A873A
 |   |   |- [+] [ 11]
 |   |   |   |- Guid:A56C07AD408616CC140873B4A55C5A30 BaseClass: NativeClass:/Script/Engine.VolumetricCloud Name:VolumetricCloud_0 Label:VolumetricCloud SpatiallyLoaded:0 Bounds:IsValid=true, Min=(X=0.000 Y=0.000 Z=820.000), Max=(X=0.000 Y=0.000 Z=820.000) RuntimeGrid:None EditorOnly:0 RuntimeOnly:0 HLODRelevant:0 ListedInSceneOutliner:1 IsMainWorldOnly:0 FolderPath:Lighting FolderGuid:963EC3EB4002CCE9759E2EBA541A873A
 |   |   |- [+] [ 12]
 |   |   |   |- Guid:C3BF533B427E1AB33CB35580B59BF767 BaseClass:/Game/Objects/BP_TeleportDoor.BP_TeleportDoor_C NativeClass:/Script/Course_ARPG.TeleportDoor Name:BP_TeleportDoor_C_UAID_74563C6A55E3309002_1406867007 Label:BP_TeleportDoor SpatiallyLoaded:1 Bounds:IsValid=true, Min=(X=1053.528 Y=-256.823 Z=453.821), Max=(X=1653.528 Y=343.177 Z=953.821) RuntimeGrid:None EditorOnly:0 RuntimeOnly:0 HLODRelevant:0 ListedInSceneOutliner:1 IsMainWorldOnly:0
 |   |   |- [+] [ 13]
 |   |   |   |- Guid:D2F087404831DC33687C6FA5B7CE8CC6 BaseClass:/Game/Objects/BP_Bonfire.BP_Bonfire_C NativeClass:/Script/Course_ARPG.Bonfire Name:BP_Bonfire_C_UAID_74563C6A55E3B57C02_1766582295 Label:BP_Bonfire SpatiallyLoaded:1 Bounds:IsValid=true, Min=(X=72.278 Y=926.567 Z=199.751), Max=(X=872.278 Y=1726.567 Z=999.751) RuntimeGrid:None EditorOnly:0 RuntimeOnly:0 HLODRelevant:0 ListedInSceneOutliner:1 IsMainWorldOnly:0
 |   |   |- [+] [ 14]
 |   |   |   |- Guid:E59F43F942AB1170E235079E1FD1D13E BaseClass: NativeClass:/Script/Engine.PostProcessVolume Name:PostProcessVolume_0 Label:PostProcessVolume SpatiallyLoaded:0 Bounds:IsValid=true, Min=(X=0.000 Y=0.000 Z=400.000), Max=(X=200.000 Y=200.000 Z=600.000) RuntimeGrid:None EditorOnly:0 RuntimeOnly:0 HLODRelevant:0 ListedInSceneOutliner:1 IsMainWorldOnly:0 FolderPath:Lighting FolderGuid:963EC3EB4002CCE9759E2EBA541A873A
 |- ContainerInstances:
 |- [+] MainContainer:
 |   |-        ID: 00000000000000000000000000000000
 |   |-  ParentID: 00000000000000000000000000000000
 |   |-    Bounds: IsValid=false, Min=(X=0.000 Y=0.000 Z=0.000), Max=(X=0.000 Y=0.000 Z=0.000)
 |   |- Transform: 0.000000,0.000000,0.000000|0.000000,0.000000,-0.000000|1.000000,1.000000,1.000000
 |   |- Container: /Game/Maps/FlyingIsland
----------------------------------------------------------------------------------------------------------------
FlyingIsland - Persistent Level
----------------------------------------------------------------------------------------------------------------
[+] Content of FlyingIsland Persistent Level
 |- Always loaded Actor Count: 15 
 |- Actor Path: /Game/Maps/UEDPIE_0_FlyingIsland.FlyingIsland:PersistentLevel.BP_Bonfire_C_UAID_74563C6A55E3B57C02_1766582295
 |- Actor Package: /Game/Maps/UEDPIE_0_FlyingIsland_InstanceOf_/Game/__ExternalActors__/Maps/FlyingIsland/8/J4/M2XRAOC16WF0ODGD0KS47G
 |- Actor Path: /Game/Maps/UEDPIE_0_FlyingIsland.FlyingIsland:PersistentLevel.BP_TeleportDoor_C_UAID_74563C6A55E3309002_1406867007
 |- Actor Package: /Game/Maps/UEDPIE_0_FlyingIsland_InstanceOf_/Game/__ExternalActors__/Maps/FlyingIsland/8/TE/8AC88N4EMJ9AYVO56MDHOO
 |- Actor Path: /Game/Maps/UEDPIE_0_FlyingIsland.FlyingIsland:PersistentLevel.DirectionalLight_0
 |- Actor Package: /Game/Maps/UEDPIE_0_FlyingIsland_InstanceOf_/Game/__ExternalActors__/Maps/FlyingIsland/D/4R/R9M870QHXEUU8918QIVG5Y
 |- Actor Path: /Game/Maps/UEDPIE_0_FlyingIsland.FlyingIsland:PersistentLevel.ExponentialHeightFog_0
 |- Actor Package: /Game/Maps/UEDPIE_0_FlyingIsland_InstanceOf_/Game/__ExternalActors__/Maps/FlyingIsland/5/X2/I0IU277S5NRQPFZX1UTX6D
 |- Actor Path: /Game/Maps/UEDPIE_0_FlyingIsland.FlyingIsland:PersistentLevel.NavMeshBoundsVolume_UAID_74563C6A55E3EA5D02_1672693887
 |- Actor Package: /Game/Maps/UEDPIE_0_FlyingIsland_InstanceOf_/Game/__ExternalActors__/Maps/FlyingIsland/C/PL/NW93MYP0ENQQUSF2Z9OIO3
 |- Actor Path: /Game/Maps/UEDPIE_0_FlyingIsland.FlyingIsland:PersistentLevel.PlayerStart_0
 |- Actor Package: /Game/Maps/UEDPIE_0_FlyingIsland_InstanceOf_/Game/__ExternalActors__/Maps/FlyingIsland/4/IT/R7L1TAEX7VCL6EJBCA5RPR
 |- Actor Path: /Game/Maps/UEDPIE_0_FlyingIsland.FlyingIsland:PersistentLevel.PostProcessVolume_0
 |- Actor Package: /Game/Maps/UEDPIE_0_FlyingIsland_InstanceOf_/Game/__ExternalActors__/Maps/FlyingIsland/B/IK/LTFCCS3WWLXXT8BZI4WEU7
 |- Actor Path: /Game/Maps/UEDPIE_0_FlyingIsland.FlyingIsland:PersistentLevel.RecastNavMesh_UAID_74563C6A55E3EA5D02-Default
 |- Actor Package: /Game/Maps/UEDPIE_0_FlyingIsland_InstanceOf_/Game/__ExternalActors__/Maps/FlyingIsland/2/KY/IMF6XPF6YHYUA0ZR8Y9AGS
 |- Actor Path: /Game/Maps/UEDPIE_0_FlyingIsland.FlyingIsland:PersistentLevel.SkyAtmosphere_0
 |- Actor Package: /Game/Maps/UEDPIE_0_FlyingIsland_InstanceOf_/Game/__ExternalActors__/Maps/FlyingIsland/5/02/J5LBU4GAAKCM5322IMVO85
 |- Actor Path: /Game/Maps/UEDPIE_0_FlyingIsland.FlyingIsland:PersistentLevel.SkyLight_1
 |- Actor Package: /Game/Maps/UEDPIE_0_FlyingIsland_InstanceOf_/Game/__ExternalActors__/Maps/FlyingIsland/C/9E/BUW6GXB8Z1HEKEDYLI343Y
 |- Actor Path: /Game/Maps/UEDPIE_0_FlyingIsland.FlyingIsland:PersistentLevel.StaticMeshActor_UAID_74563C6A55E3229002_1233693543
 |- Actor Package: /Game/Maps/UEDPIE_0_FlyingIsland_InstanceOf_/Game/__ExternalActors__/Maps/FlyingIsland/5/EL/DL76S2TGB5QVDXSND75WFK
 |- Actor Path: /Game/Maps/UEDPIE_0_FlyingIsland.FlyingIsland:PersistentLevel.StaticMeshActor_UAID_74563C6A55E3229002_1681486550
 |- Actor Package: /Game/Maps/UEDPIE_0_FlyingIsland_InstanceOf_/Game/__ExternalActors__/Maps/FlyingIsland/4/A4/BLOGTUO08HF3KR0K8A23EH
 |- Actor Path: /Game/Maps/UEDPIE_0_FlyingIsland.FlyingIsland:PersistentLevel.StaticMeshActor_UAID_A4AE111137DC5EFB00_1110535423
 |- Actor Package: /Game/Maps/UEDPIE_0_FlyingIsland_InstanceOf_/Game/__ExternalActors__/Maps/FlyingIsland/D/6J/YJVCUUS1ZHVFA42JRJ69IM
 |- Actor Path: /Game/Maps/UEDPIE_0_FlyingIsland.FlyingIsland:PersistentLevel.VolumetricCloud_0
 |- Actor Package: /Game/Maps/UEDPIE_0_FlyingIsland_InstanceOf_/Game/__ExternalActors__/Maps/FlyingIsland/0/1F/395T73W1VM1CD0WUSJZARP
 |- Actor Path: /Game/Maps/UEDPIE_0_FlyingIsland.FlyingIsland:PersistentLevel.WorldDataLayers
 |- Actor Package: /Game/__ExternalActors__/Maps/FlyingIsland/0/KB/JLWXCBD83OR1C67GKEYAFC

----------------------------------------------------------------------------------------------------------------
FlyingIsland - Runtime Hash Set
----------------------------------------------------------------------------------------------------------------

